<?php return array (
  '/' => '1',
  '服务器管理' => '2',
  '游戏管理' => '3',
  '系统设置' => '4',
  '授权管理' => '5',
  '日志管理' => '6',
  '游戏服务器' => '7',
  '邮件服务器' => '8',
  '奖励发放' => '9',
  '奖励设置' => '11',
  '游戏道具设置' => '12',
  '邮件类型设置' => '13',
  '管理员管理' => '14',
  '角色管理' => '15',
  '权限项管理' => '16',
  '操作日志' => '17',
  '管理员管理-添加' => '18',
  '管理员管理-修改密码' => '19',
  '管理员管理-修改' => '20',
  '管理员管理-删除' => '21',
  '角色管理-添加' => '22',
  '角色管理-修改' => '23',
  '角色管理-删除' => '24',
  '权限项管理-添加' => '25',
  '权限项管理-修改' => '26',
  '权限项管理-删除' => '27',
  '奖励设置-添加' => '30',
  '游戏道具设置-添加' => '31',
  '奖励设置-修改' => '32',
  '奖励设置-删除' => '33',
  '游戏道具设置-修改' => '34',
  '游戏道具设置-删除' => '35',
  '邮件类型设置-添加' => '36',
  '邮件类型设置-修改' => '37',
  '邮件类型设置-删除' => '38',
  '奖励发放-添加' => '40',
  '奖励发放-修改' => '41',
  '奖励发放-删除' => '42',
  '多倍奖励活动' => '46',
  '多倍奖励活动-删除' => '47',
  '多倍奖励活动-修改' => '48',
  '多倍奖励活动-添加' => '49',
  'BattleServer' => '50',
  'Server' => '51',
  'Login' => '52',
  'BattleServer-激活' => '53',
  'BattleServer-反激活' => '54',
  'Server-激活' => '55',
  'Server-反激活' => '56',
  '版本发布' => '57',
  'Login-查看' => '58',
  'BattleServer-查看' => '59',
  'Server-查看' => '60',
  '邮件服务器-查看' => '61',
  '奖励发放-查看' => '62',
  '多倍奖励活动-查看' => '63',
  '版本发布-查看' => '64',
  '奖励设置-查看' => '65',
  '游戏道具设置-查看' => '66',
  '邮件类型设置-查看' => '67',
  '管理员管理-查看' => '68',
  '角色管理-查看' => '69',
  '权限项管理-查看' => '70',
  '操作日志-查看' => '71',
  '版本发布-修改' => '72',
  'BattleServer-启动' => '73',
  'Server-启动' => '74',
  'Login-启动' => '75',
  '奖励发放-发放' => '76',
  '统计数据' => '77',
  '统计信息' => '78',
  '统计信息-查看' => '79',
); ?>